Microchip MPLAB XC8 Compiler V2.36

Linker command line:

-W-3 --edf=C:\Program Files\Microchip\xc8\v2.36\pic\dat\en_msgs.txt -cn \
  -h+dist/default/debug\oractua6x.X.debug.sym \
  --cmf=dist/default/debug\oractua6x.X.debug.cmf -z -Q18F57Q43 \
  -oC:\Users\carli\AppData\Local\Temp\xcAspe0.4 --defsym=__MPLAB_BUILD=1 \
  -Mdist/default/debug/oractua6x.X.debug.map \
  --md=C:\Users\carli\AppData\Local\Temp\xcAspe0.dat -E1 -ver=XC8 Compiler \
  --acfsm=1493 -ACODE=00h-01FFFFh -ACONST=00h-01FFFFh \
  -ASMALLCONST=02500h-025FFhx475 \
  -AMEDIUMCONST=02500h-0FFFFh,012500h-01FFFFh -ACOMRAM=0501h-055Fh \
  -AABS1=0500h-024FFh -ABIGRAM=0501h-024FFh \
  -ARAM=0560h-05FFh,0600h-06FFhx31 -ABANK5=0560h-05FFh -ABANK6=0600h-06FFh \
  -ABANK7=0700h-07FFh -ABANK8=0800h-08FFh -ABANK9=0900h-09FFh \
  -ABANK10=0A00h-0AFFh -ABANK11=0B00h-0BFFh -ABANK12=0C00h-0CFFh \
  -ABANK13=0D00h-0DFFh -ABANK14=0E00h-0EFFh -ABANK15=0F00h-0FFFh \
  -ABANK16=01000h-010FFh -ABANK17=01100h-011FFh -ABANK18=01200h-012FFh \
  -ABANK19=01300h-013FFh -ABANK20=01400h-014FFh -ABANK21=01500h-015FFh \
  -ABANK22=01600h-016FFh -ABANK23=01700h-017FFh -ABANK24=01800h-018FFh \
  -ABANK25=01900h-019FFh -ABANK26=01A00h-01AFFh -ABANK27=01B00h-01BFFh \
  -ABANK28=01C00h-01CFFh -ABANK29=01D00h-01DFFh -ABANK30=01E00h-01EFFh \
  -ABANK31=01F00h-01FFFh -ABANK32=02000h-020FFh -ABANK33=02100h-021FFh \
  -ABANK34=02200h-022FFh -ABANK35=02300h-023FFh -ABANK36=02400h-024FFh \
  -ASFR=00h-0FFhx4,0400h-045Fh,0460h-04FFh,02500h-025FFh \
  -ABIGSFR=00h-04FFh,02500h-025FFh -ACONFIG=0300000h-0300011h \
  -AIDLOC=0200000h-020003Fh -AEEDATA=0380000h-03803FFh -peeprom_data=EEDATA \
  -preset_vec=00h -ppowerup=CODE,init -pramtop=02500h \
  -psmallconst=SMALLCONST -pmediumconst=MEDIUMCONST -pconst=CONST \
  -AFARRAM=00h-00h \
  -prdata=COMRAM,nvrram=COMRAM,nvbit=COMRAM,rbss=COMRAM,rbit=COMRAM \
  -pfarbss=FARRAM,fardata=FARRAM,nvFARRAM=FARRAM \
  -pintsave_regs=BIGRAM,bigbss=BIGRAM,bigdata=BIGRAM -pbss=RAM \
  -pidata=CODE,irdata=CODE,ibigdata=CODE,ifardata=CODE -prparam=COMRAM \
  C:\Users\carli\AppData\Local\Temp\xcAspe0.o \
  dist/default/debug\oractua6x.X.debug.o 

Object code version is 3.11

Machine type is 18F57Q43



                Name                               Link     Load   Length Selector   Space Scale
C:\Users\carli\AppData\Local\Temp\xcAspe0.o
                idloc                            200000   200000       40        0       5
                config                           300000   300000        A        0       4
                init                              1FFFC    1FFFC        4     FFFE       0
                reset_vec                             0        0        4        0       0
dist/default/debug\oractua6x.X.debug.o
                idloc                            200000   200000       40        0       5
                config                           300000   300000        A        0       4
                smallconst                         2500     2500       80     1280       0
                text22                             6A26     6A26       1C     12C0       0
                text21                             6A80     6A80        E     12C0       0
                text20                             6A72     6A72        E     12C0       0
                text19                             6A64     6A64        E     12C0       0
                text18                             6936     6936       40     12C0       0
                text17                             6824     6824       CC     12C0       0
                text16                             6A56     6A56        E     12C0       0
                text15                             6534     6534      108     12C0       0
                text14                             6418     6418      11C     12C0       0
                text13                             5C96     5C96      39A     12C0       0
                text12                             6976     6976       38     12C0       0
                text11                             5388     5388      4C0     12C0       0
                text10                             68F0     68F0       46     12C0       0
                text9                              6264     6264      1B4     12C0       0
                text8                              69AE     69AE       34     12C0       0
                text7                              5848     5848      44E     12C0       0
                text6                              6030     6030      234     12C0       0
                text5                              663C     663C      104     12C0       0
                text4                              6A04     6A04       22     12C0       0
                text3                              4EC8     4EC8      4C0     12C0       0
                text2                              2580     2580     2948     12C0       0
                text1                              6740     6740       E4     12C0       0
                text0                              69E2     69E2       22     12C0       0
                cstackCOMRAM                        501      501       5D      501       1
                cstackBANK5                         560      560       3E      560       1
                cstackBANK6                         600      600       BC      600       1
                bssBANK5                            5A7      5A7        4      560       1
                bssCOMRAM                           55E      55E        2      501       1
                cinit                              6A42     6A42       14     12C0       0
                nvBANK5                             59E      59E        9      560       1

TOTAL           Name                               Link     Load   Length     Space
        CLASS   CODE           
                init                              1FFFC    1FFFC        4         0
                reset_vec                             0        0        4         0
                text22                             6A26     6A26       1C         0
                text21                             6A80     6A80        E         0
                text20                             6A72     6A72        E         0
                text19                             6A64     6A64        E         0
                text18                             6936     6936       40         0
                text17                             6824     6824       CC         0
                text16                             6A56     6A56        E         0
                text15                             6534     6534      108         0
                text14                             6418     6418      11C         0
                text13                             5C96     5C96      39A         0
                text12                             6976     6976       38         0
                text11                             5388     5388      4C0         0
                text10                             68F0     68F0       46         0
                text9                              6264     6264      1B4         0
                text8                              69AE     69AE       34         0
                text7                              5848     5848      44E         0
                text6                              6030     6030      234         0
                text5                              663C     663C      104         0
                text4                              6A04     6A04       22         0
                text3                              4EC8     4EC8      4C0         0
                text2                              2580     2580     2948         0
                text1                              6740     6740       E4         0
                text0                              69E2     69E2       22         0
                cinit                              6A42     6A42       14         0

        CLASS   CONST          

        CLASS   SMALLCONST     
                smallconst                         2500     2500       80         0

        CLASS   MEDIUMCONST    

        CLASS   COMRAM         
                cstackCOMRAM                        501      501       5D         1
                bssCOMRAM                           55E      55E        2         1

        CLASS   ABS1           

        CLASS   BIGRAM         

        CLASS   RAM            

        CLASS   BANK5          
                cstackBANK5                         560      560       3E         1
                bssBANK5                            5A7      5A7        4         1
                nvBANK5                             59E      59E        9         1

        CLASS   BANK6          
                cstackBANK6                         600      600       BC         1

        CLASS   BANK7          

        CLASS   BANK8          

        CLASS   BANK9          

        CLASS   BANK10         

        CLASS   BANK11         

        CLASS   BANK12         

        CLASS   BANK13         

        CLASS   BANK14         

        CLASS   BANK15         

        CLASS   BANK16         

        CLASS   BANK17         

        CLASS   BANK18         

        CLASS   BANK19         

        CLASS   BANK20         

        CLASS   BANK21         

        CLASS   BANK22         

        CLASS   BANK23         

        CLASS   BANK24         

        CLASS   BANK25         

        CLASS   BANK26         

        CLASS   BANK27         

        CLASS   BANK28         

        CLASS   BANK29         

        CLASS   BANK30         

        CLASS   BANK31         

        CLASS   BANK32         

        CLASS   BANK33         

        CLASS   BANK34         

        CLASS   BANK35         

        CLASS   BANK36         

        CLASS   SFR            

        CLASS   BIGSFR         

        CLASS   CONFIG         
                config                           300000   300000        A         4

        CLASS   IDLOC          
                idloc                            200000   200000       40         5

        CLASS   EEDATA         

        CLASS   FARRAM         

        CLASS   HEAP           

        CLASS   STACK          



SEGMENTS        Name                           Load    Length   Top    Selector   Space  Class

                reset_vec                      000000  000004  000004         0       0  CODE    
                cstackCOMRAM                   000501  00005F  000560       501       1  COMRAM  
                cstackBANK5                    000560  00004B  0005AB       560       1  BANK5   
                cstackBANK6                    000600  0000BC  0006BC       600       1  BANK6   
                smallconst                     002500  000080  002580      1280       0  SMALLCON
                text2                          002580  00450E  006A8E      12C0       0  CODE    
                init                           01FFFC  000004  020000      FFFE       0  CODE    


UNUSED ADDRESS RANGES

        Name                Unused          Largest block    Delta
        BANK10           000A00-000AFF              100
        BANK11           000B00-000BFF              100
        BANK12           000C00-000CFF              100
        BANK13           000D00-000DFF              100
        BANK14           000E00-000EFF              100
        BANK15           000F00-000FFF              100
        BANK16           001000-0010FF              100
        BANK17           001100-0011FF              100
        BANK18           001200-0012FF              100
        BANK19           001300-0013FF              100
        BANK20           001400-0014FF              100
        BANK21           001500-0015FF              100
        BANK22           001600-0016FF              100
        BANK23           001700-0017FF              100
        BANK24           001800-0018FF              100
        BANK25           001900-0019FF              100
        BANK26           001A00-001AFF              100
        BANK27           001B00-001BFF              100
        BANK28           001C00-001CFF              100
        BANK29           001D00-001DFF              100
        BANK30           001E00-001EFF              100
        BANK31           001F00-001FFF              100
        BANK32           002000-0020FF              100
        BANK33           002100-0021FF              100
        BANK34           002200-0022FF              100
        BANK35           002300-0023FF              100
        BANK36           002400-0024FF              100
        BANK5            0005AB-0005FF               55
        BANK6            0006BC-0006FF               44
        BANK7            000700-0007FF              100
        BANK8            000800-0008FF              100
        BANK9            000900-0009FF              100
        BIGRAM           0005AB-0005FF               55
                         0006BC-0024FF             1E44
        BIGSFR           000000-0004FF              500
                         002500-0025FF              100
        CODE             000004-0024FF             24FC
                         006A8E-01FFFB            1956E
        CONFIG           30000A-300011                8
        CONST            000004-0024FF             24FC
                         006A8E-01FFFB            1956E
        EEDATA           380000-3803FF              400
        MEDIUMCONST      006A8E-00FFFF             9572
                         012500-01FFFB             DAFC
        RAM              0005AB-0005FF               55
                         0006BC-0024FF              100
        SFR              000000-0004FF              100
                         002500-0025FF              100
        SMALLCONST       006A8E-01FFFB              100

                                  Symbol Table

?___fladd                                 cstackCOMRAM 000501
?___fldiv                                 cstackCOMRAM 000532
?___flmul                                 cstackCOMRAM 000511
?___flneg                                 cstackCOMRAM 000501
?___flsub                                 cstackCOMRAM 00052A
?___fltol                                 cstackBANK5  00058C
?___xxtofl                                cstackCOMRAM 000501
?_fabsf                                   cstackCOMRAM 000501
?_nanf                                    cstackCOMRAM 000501
?_powf                                    cstackBANK5  000584
?_scalbnf                                 cstackCOMRAM 00052A
?_sqrtf                                   cstackCOMRAM 00053E
INT0_SetInterruptHandler@InterruptHandler cstackCOMRAM 000501
INT1_SetInterruptHandler@InterruptHandler cstackCOMRAM 000501
INT2_SetInterruptHandler@InterruptHandler cstackCOMRAM 000501
_ACTCON                                   (abs)        0000AC
_ANSELA                                   (abs)        000400
_ANSELB                                   (abs)        000408
_ANSELC                                   (abs)        000410
_ANSELD                                   (abs)        000418
_ANSELE                                   (abs)        000420
_ANSELF                                   (abs)        000428
_CLOCK_Initialize                         text22       006A26
_INLVLA                                   (abs)        000404
_INLVLB                                   (abs)        00040C
_INLVLC                                   (abs)        000414
_INLVLD                                   (abs)        00041C
_INLVLE                                   (abs)        000424
_INLVLF                                   (abs)        00042C
_INT0_DefaultInterruptHandler             (abs)        000000
_INT0_InterruptHandler                    nvBANK5      0005A4
_INT0_SetInterruptHandler                 text21       006A80
_INT1_DefaultInterruptHandler             (abs)        000000
_INT1_InterruptHandler                    nvBANK5      0005A1
_INT1_SetInterruptHandler                 text20       006A72
_INT2_DefaultInterruptHandler             (abs)        000000
_INT2_InterruptHandler                    nvBANK5      00059E
_INT2_SetInterruptHandler                 text19       006A64
_INTCON0bits                              (abs)        0004D6
_INTERRUPT_Initialize                     text18       006936
_IOCAF                                    (abs)        000407
_IOCAN                                    (abs)        000406
_IOCAP                                    (abs)        000405
_IOCBF                                    (abs)        00040F
_IOCBN                                    (abs)        00040E
_IOCBP                                    (abs)        00040D
_IOCCF                                    (abs)        000417
_IOCCN                                    (abs)        000416
_IOCCP                                    (abs)        000415
_IOCEF                                    (abs)        000427
_IOCEN                                    (abs)        000426
_IOCEP                                    (abs)        000425
_LATA                                     (abs)        0004BE
_LATB                                     (abs)        0004BF
_LATC                                     (abs)        0004C0
_LATD                                     (abs)        0004C1
_LATE                                     (abs)        0004C2
_LATF                                     (abs)        0004C3
_ODCONA                                   (abs)        000402
_ODCONB                                   (abs)        00040A
_ODCONC                                   (abs)        000412
_ODCOND                                   (abs)        00041A
_ODCONE                                   (abs)        000422
_ODCONF                                   (abs)        00042A
_OSCCON1                                  (abs)        0000AD
_OSCCON3                                  (abs)        0000AF
_OSCEN                                    (abs)        0000B3
_OSCFRQ                                   (abs)        0000B1
_OSCTUNE                                  (abs)        0000B0
_PIN_MANAGER_Initialize                   text17       006824
_PIR10bits                                (abs)        0004B8
_PIR1bits                                 (abs)        0004AF
_PIR6bits                                 (abs)        0004B4
_RB1I2C                                   (abs)        000289
_RB2I2C                                   (abs)        000288
_RC3I2C                                   (abs)        000287
_RC4I2C                                   (abs)        000286
_SLRCONA                                  (abs)        000403
_SLRCONB                                  (abs)        00040B
_SLRCONC                                  (abs)        000413
_SLRCOND                                  (abs)        00041B
_SLRCONE                                  (abs)        000423
_SLRCONF                                  (abs)        00042B
_SYSTEM_Initialize                        text16       006A56
_TRISA                                    (abs)        0004C6
_TRISB                                    (abs)        0004C7
_TRISC                                    (abs)        0004C8
_TRISD                                    (abs)        0004C9
_TRISE                                    (abs)        0004CA
_TRISF                                    (abs)        0004CB
_WPUA                                     (abs)        000401
_WPUB                                     (abs)        000409
_WPUC                                     (abs)        000411
_WPUD                                     (abs)        000419
_WPUE                                     (abs)        000421
_WPUF                                     (abs)        000429
__HRAM                                    (abs)        000000
__Habs1                                   abs1         000000
__Hbank10                                 bank10       000000
__Hbank11                                 bank11       000000
__Hbank12                                 bank12       000000
__Hbank13                                 bank13       000000
__Hbank14                                 bank14       000000
__Hbank15                                 bank15       000000
__Hbank16                                 bank16       000000
__Hbank17                                 bank17       000000
__Hbank18                                 bank18       000000
__Hbank19                                 bank19       000000
__Hbank20                                 bank20       000000
__Hbank21                                 bank21       000000
__Hbank22                                 bank22       000000
__Hbank23                                 bank23       000000
__Hbank24                                 bank24       000000
__Hbank25                                 bank25       000000
__Hbank26                                 bank26       000000
__Hbank27                                 bank27       000000
__Hbank28                                 bank28       000000
__Hbank29                                 bank29       000000
__Hbank30                                 bank30       000000
__Hbank31                                 bank31       000000
__Hbank32                                 bank32       000000
__Hbank33                                 bank33       000000
__Hbank34                                 bank34       000000
__Hbank35                                 bank35       000000
__Hbank36                                 bank36       000000
__Hbank5                                  bank5        000000
__Hbank6                                  bank6        000000
__Hbank7                                  bank7        000000
__Hbank8                                  bank8        000000
__Hbank9                                  bank9        000000
__Hbigbss                                 bigbss       000000
__Hbigdata                                bigdata      000000
__Hbigram                                 bigram       000000
__Hbigsfr                                 bigsfr       000000
__Hbss                                    bss          000000
__HbssBANK5                               bssBANK5     000000
__HbssCOMRAM                              bssCOMRAM    000000
__Hcinit                                  cinit        000000
__Hclrtext                                clrtext      000000
__Hcomram                                 comram       000000
__Hconfig                                 config       30000A
__Hconst                                  const        000000
__HcstackBANK5                            cstackBANK5  000000
__HcstackBANK6                            cstackBANK6  000000
__HcstackCOMRAM                           cstackCOMRAM 000000
__Hdata                                   data         000000
__Heeprom_data                            eeprom_data  000000
__Hfarbss                                 farbss       000000
__Hfardata                                fardata      000000
__Hheap                                   heap         000000
__Hibigdata                               ibigdata     000000
__Hidata                                  idata        000000
__Hidloc                                  idloc        200040
__Hifardata                               ifardata     000000
__Hinit                                   init         020000
__Hintsave_regs                           intsave_regs 000000
__Hirdata                                 irdata       000000
__Hmediumconst                            mediumconst  000000
__HnvBANK5                                nvBANK5      000000
__HnvFARRAM                               nvFARRAM     000000
__Hnvbit                                  nvbit        000000
__Hnvrram                                 nvrram       000000
__Hparam                                  rparam       000000
__Hpowerup                                powerup      000000
__Hram                                    ram          000000
__Hramtop                                 ramtop       002500
__Hrbit                                   rbit         000000
__Hrbss                                   rbss         000000
__Hrdata                                  rdata        000000
__Hreset_vec                              reset_vec    000004
__Hrparam                                 rparam       000000
__Hsfr                                    sfr          000000
__Hsmallconst                             smallconst   002580
__Hspace_0                                (abs)        020000
__Hspace_1                                (abs)        0006BC
__Hspace_2                                (abs)        000000
__Hspace_4                                (abs)        60000A
__Hstack                                  stack        000000
__Hstruct                                 struct       000000
__Htemp                                   temp         000000
__Htext                                   text         000000
__Htext0                                  text0        000000
__Htext1                                  text1        000000
__Htext10                                 text10       000000
__Htext11                                 text11       000000
__Htext12                                 text12       000000
__Htext13                                 text13       000000
__Htext14                                 text14       000000
__Htext15                                 text15       000000
__Htext16                                 text16       000000
__Htext17                                 text17       000000
__Htext18                                 text18       000000
__Htext19                                 text19       000000
__Htext2                                  text2        000000
__Htext20                                 text20       000000
__Htext21                                 text21       000000
__Htext22                                 text22       000000
__Htext3                                  text3        000000
__Htext4                                  text4        000000
__Htext5                                  text5        000000
__Htext6                                  text6        000000
__Htext7                                  text7        000000
__Htext8                                  text8        000000
__Htext9                                  text9        000000
__LRAM                                    (abs)        000001
__Labs1                                   abs1         000000
__Lbank10                                 bank10       000000
__Lbank11                                 bank11       000000
__Lbank12                                 bank12       000000
__Lbank13                                 bank13       000000
__Lbank14                                 bank14       000000
__Lbank15                                 bank15       000000
__Lbank16                                 bank16       000000
__Lbank17                                 bank17       000000
__Lbank18                                 bank18       000000
__Lbank19                                 bank19       000000
__Lbank20                                 bank20       000000
__Lbank21                                 bank21       000000
__Lbank22                                 bank22       000000
__Lbank23                                 bank23       000000
__Lbank24                                 bank24       000000
__Lbank25                                 bank25       000000
__Lbank26                                 bank26       000000
__Lbank27                                 bank27       000000
__Lbank28                                 bank28       000000
__Lbank29                                 bank29       000000
__Lbank30                                 bank30       000000
__Lbank31                                 bank31       000000
__Lbank32                                 bank32       000000
__Lbank33                                 bank33       000000
__Lbank34                                 bank34       000000
__Lbank35                                 bank35       000000
__Lbank36                                 bank36       000000
__Lbank5                                  bank5        000000
__Lbank6                                  bank6        000000
__Lbank7                                  bank7        000000
__Lbank8                                  bank8        000000
__Lbank9                                  bank9        000000
__Lbigbss                                 bigbss       000000
__Lbigdata                                bigdata      000000
__Lbigram                                 bigram       000000
__Lbigsfr                                 bigsfr       000000
__Lbss                                    bss          000000
__LbssBANK5                               bssBANK5     000000
__LbssCOMRAM                              bssCOMRAM    000000
__Lcinit                                  cinit        000000
__Lclrtext                                clrtext      000000
__Lcomram                                 comram       000000
__Lconfig                                 config       000000
__Lconst                                  const        000000
__LcstackBANK5                            cstackBANK5  000000
__LcstackBANK6                            cstackBANK6  000000
__LcstackCOMRAM                           cstackCOMRAM 000000
__Ldata                                   data         000000
__Leeprom_data                            eeprom_data  000000
__Lfarbss                                 farbss       000000
__Lfardata                                fardata      000000
__Lheap                                   heap         000000
__Libigdata                               ibigdata     000000
__Lidata                                  idata        000000
__Lidloc                                  idloc        000000
__Lifardata                               ifardata     000000
__Linit                                   init         01FFFC
__Lintsave_regs                           intsave_regs 000000
__Lirdata                                 irdata       000000
__Lmediumconst                            mediumconst  000000
__LnvBANK5                                nvBANK5      000000
__LnvFARRAM                               nvFARRAM     000000
__Lnvbit                                  nvbit        000000
__Lnvrram                                 nvrram       000000
__Lparam                                  rparam       000000
__Lpowerup                                powerup      000000
__Lram                                    ram          000000
__Lramtop                                 ramtop       002500
__Lrbit                                   rbit         000000
__Lrbss                                   rbss         000000
__Lrdata                                  rdata        000000
__Lreset_vec                              reset_vec    000000
__Lrparam                                 rparam       000000
__Lsfr                                    sfr          000000
__Lsmallconst                             smallconst   002500
__Lspace_0                                (abs)        000000
__Lspace_1                                (abs)        000000
__Lspace_2                                (abs)        000000
__Lspace_4                                (abs)        000000
__Lstack                                  stack        000000
__Lstruct                                 struct       000000
__Ltemp                                   temp         000000
__Ltext                                   text         000000
__Ltext0                                  text0        000000
__Ltext1                                  text1        000000
__Ltext10                                 text10       000000
__Ltext11                                 text11       000000
__Ltext12                                 text12       000000
__Ltext13                                 text13       000000
__Ltext14                                 text14       000000
__Ltext15                                 text15       000000
__Ltext16                                 text16       000000
__Ltext17                                 text17       000000
__Ltext18                                 text18       000000
__Ltext19                                 text19       000000
__Ltext2                                  text2        000000
__Ltext20                                 text20       000000
__Ltext21                                 text21       000000
__Ltext22                                 text22       000000
__Ltext3                                  text3        000000
__Ltext4                                  text4        000000
__Ltext5                                  text5        000000
__Ltext6                                  text6        000000
__Ltext7                                  text7        000000
__Ltext8                                  text8        000000
__Ltext9                                  text9        000000
__S0                                      (abs)        020000
__S1                                      (abs)        0006BC
__S4                                      (abs)        000000
__S5                                      (abs)        000000
___fladd                                  text11       005388
___fladd@a                                cstackCOMRAM 000505
___fladd@aexp                             cstackCOMRAM 00050E
___fladd@b                                cstackCOMRAM 000501
___fladd@bexp                             cstackCOMRAM 00050F
___fladd@grs                              cstackCOMRAM 000510
___fladd@signs                            cstackCOMRAM 00050D
___fldiv                                  text13       005C96
___fldiv@a                                cstackCOMRAM 000536
___fldiv@aexp                             cstackCOMRAM 00054A
___fldiv@b                                cstackCOMRAM 000532
___fldiv@bexp                             cstackCOMRAM 000549
___fldiv@grs                              cstackCOMRAM 000545
___fldiv@new_exp                          cstackCOMRAM 000543
___fldiv@rem                              cstackCOMRAM 00053E
___fldiv@sign                             cstackCOMRAM 000542
___flge                                   text5        00663C
___flge@ff1                               cstackCOMRAM 000532
___flge@ff2                               cstackCOMRAM 000536
___flmul                                  text7        005848
___flmul@a                                cstackCOMRAM 000515
___flmul@aexp                             cstackCOMRAM 000522
___flmul@b                                cstackCOMRAM 000511
___flmul@bexp                             cstackCOMRAM 000523
___flmul@grs                              cstackCOMRAM 00051E
___flmul@prod                             cstackCOMRAM 000524
___flmul@sign                             cstackCOMRAM 00051D
___flmul@temp                             cstackCOMRAM 000528
___flneg                                  text12       006976
___flneg@f1                               cstackCOMRAM 000501
___flsub                                  text10       0068F0
___flsub@a                                cstackCOMRAM 00052E
___flsub@b                                cstackCOMRAM 00052A
___fltol                                  text15       006534
___fltol@exp1                             cstackCOMRAM 000559
___fltol@f1                               cstackBANK5  00058C
___fltol@sign1                            cstackCOMRAM 000558
___heap_hi                                (abs)        000000
___heap_lo                                (abs)        000000
___inthi_sp                               stack        000000
___intlo_sp                               stack        000000
___param_bank                             (abs)        000000
___rparam_used                            (abs)        000001
___sp                                     stack        000000
___xxtofl                                 text9        006264
___xxtofl@arg                             cstackCOMRAM 00050B
___xxtofl@exp                             cstackCOMRAM 00050A
___xxtofl@sign                            cstackCOMRAM 000509
___xxtofl@val                             cstackCOMRAM 000501
__accesstop                               (abs)        000560
__activetblptr                            (abs)        000003
__end_of_CLOCK_Initialize                 text22       006A42
__end_of_INT0_SetInterruptHandler         text21       006A8E
__end_of_INT1_SetInterruptHandler         text20       006A80
__end_of_INT2_SetInterruptHandler         text19       006A72
__end_of_INTERRUPT_Initialize             text18       006976
__end_of_L1                               smallconst   00255D
__end_of_L2                               smallconst   002559
__end_of_L3                               smallconst   002555
__end_of_L4                               smallconst   002551
__end_of_L5                               smallconst   00254D
__end_of_L6                               smallconst   002549
__end_of_P1                               smallconst   002545
__end_of_P2                               smallconst   002541
__end_of_P3                               smallconst   00253D
__end_of_P4                               smallconst   002539
__end_of_P5                               smallconst   002535
__end_of_PIN_MANAGER_Initialize           text17       0068F0
__end_of_SYSTEM_Initialize                text16       006A64
__end_of___fladd                          text11       005848
__end_of___fldiv                          text13       006030
__end_of___flge                           text5        006740
__end_of___flmul                          text7        005C96
__end_of___flneg                          text12       0069AE
__end_of___flsub                          text10       006936
__end_of___fltol                          text15       00663C
__end_of___xxtofl                         text9        006418
__end_of__initialization                  cinit        006A50
__end_of_bp                               smallconst   002571
__end_of_char_to_seg                      text14       006534
__end_of_cp                               smallconst   002521
__end_of_cp_h                             smallconst   00257D
__end_of_cp_l                             smallconst   002579
__end_of_dp_h                             smallconst   002511
__end_of_dp_l                             smallconst   002509
__end_of_fabsf                            text8        0069E2
__end_of_huge                             smallconst   002565
__end_of_ivln2                            smallconst   00251D
__end_of_ivln2_h                          smallconst   002575
__end_of_ivln2_l                          smallconst   002519
__end_of_lg2                              smallconst   002531
__end_of_lg2_h                            smallconst   00252D
__end_of_lg2_l                            smallconst   002529
__end_of_main                             text0        006A04
__end_of_nanf                             text4        006A26
__end_of_ovt                              smallconst   002525
__end_of_powf                             text2        004EC8
__end_of_scalbnf                          text6        006264
__end_of_send_to_disp                     text1        006824
__end_of_sqrtf                            text3        005388
__end_of_tiny                             smallconst   002561
__end_of_tiny@sqrtf$F902                  smallconst   002515
__end_of_two24                            smallconst   002569
__initialization                          cinit        006A42
__mediumconst                             mediumconst  000000
__pbssBANK5                               bssBANK5     0005A7
__pbssCOMRAM                              bssCOMRAM    00055E
__pcinit                                  cinit        006A42
__pcstackBANK5                            cstackBANK5  000560
__pcstackBANK6                            cstackBANK6  000600
__pcstackCOMRAM                           cstackCOMRAM 000501
__pnvBANK5                                nvBANK5      00059E
__psmallconst                             smallconst   002500
__ptext0                                  text0        0069E2
__ptext1                                  text1        006740
__ptext10                                 text10       0068F0
__ptext11                                 text11       005388
__ptext12                                 text12       006976
__ptext13                                 text13       005C96
__ptext14                                 text14       006418
__ptext15                                 text15       006534
__ptext16                                 text16       006A56
__ptext17                                 text17       006824
__ptext18                                 text18       006936
__ptext19                                 text19       006A64
__ptext2                                  text2        002580
__ptext20                                 text20       006A72
__ptext21                                 text21       006A80
__ptext22                                 text22       006A26
__ptext3                                  text3        004EC8
__ptext4                                  text4        006A04
__ptext5                                  text5        00663C
__ptext6                                  text6        006030
__ptext7                                  text7        005848
__ptext8                                  text8        0069AE
__ptext9                                  text9        006264
__ramtop                                  ramtop       002500
__smallconst                              smallconst   002500
_bp                                       smallconst   002569
_char_to_seg                              text14       006418
_dp_h                                     smallconst   002509
_dp_l                                     smallconst   002501
_errno                                    bssCOMRAM    00055E
_fabsf                                    text8        0069AE
_main                                     text0        0069E2
_nanf                                     text4        006A04
_powf                                     text2        002580
_powf$1111                                cstackBANK6  0006A4
_powf$1112                                cstackBANK6  000654
_powf$1113                                cstackBANK6  000648
_powf$1114                                cstackBANK6  000694
_powf$1115                                cstackBANK6  000638
_powf$1116                                cstackBANK6  000600
_powf$1117                                cstackBANK6  000604
_powf$1118                                cstackBANK6  000658
_powf$1119                                cstackBANK6  00063C
_powf$1120                                cstackBANK6  000640
_powf$1121                                cstackBANK6  000608
_powf$1122                                cstackBANK6  00060C
_powf$1123                                cstackBANK6  000610
_powf$1124                                cstackBANK6  000614
_powf$1125                                cstackBANK6  000618
_scalbnf                                  text6        006030
_send_to_disp                             text1        006740
_send_to_disp$1110                        cstackBANK5  000594
_sqrtf                                    text3        004EC8
char_to_seg@num                           cstackCOMRAM 000503
char_to_seg@segments                      cstackCOMRAM 000504
end_of_initialization                     cinit        006A50
fabsf@F465                                bssBANK5     0005A7
fabsf@u                                   cstackCOMRAM 000505
fabsf@x                                   cstackCOMRAM 000501
intlevel0                                 text         000000
intlevel1                                 text         000000
intlevel2                                 text         000000
intlevel3                                 text         000000
isa$std                                   (abs)        000001
isa$xinst                                 (abs)        000000
nanf@s                                    cstackCOMRAM 000501
nanf@u                                    cstackCOMRAM 000505
powf@__xc8_float_word                     cstackBANK6  0006B8
powf@ax                                   cstackBANK6  000670
powf@hx                                   cstackBANK6  000660
powf@hy                                   cstackBANK6  000684
powf@i                                    cstackBANK6  00062C
powf@is                                   cstackBANK6  000690
powf@ix                                   cstackBANK6  0006A8
powf@iy                                   cstackBANK6  000698
powf@j                                    cstackBANK6  0006AC
powf@k                                    cstackBANK6  0006A0
powf@n                                    cstackBANK6  00067C
powf@p_h                                  cstackBANK6  00069C
powf@p_l                                  cstackBANK6  000664
powf@r                                    cstackBANK6  00064C
powf@s                                    cstackBANK6  00065C
powf@s2                                   cstackBANK6  00068C
powf@s_h                                  cstackBANK6  00066C
powf@s_l                                  cstackBANK6  000630
powf@sn                                   cstackBANK6  000688
powf@t                                    cstackBANK6  0006B0
powf@t1                                   cstackBANK6  000680
powf@t2                                   cstackBANK6  00061C
powf@t_h                                  cstackBANK6  000668
powf@t_l                                  cstackBANK6  000634
powf@u                                    cstackBANK6  000674
powf@v                                    cstackBANK6  000678
powf@w                                    cstackBANK6  000644
powf@x                                    cstackBANK5  000584
powf@y                                    cstackBANK5  000588
powf@y1                                   cstackBANK6  000628
powf@yisint                               cstackBANK6  000650
powf@z                                    cstackBANK6  0006B4
powf@z_h                                  cstackBANK6  000620
powf@z_l                                  cstackBANK6  000624
scalbnf@n                                 cstackCOMRAM 00052E
scalbnf@u                                 cstackCOMRAM 000534
scalbnf@x                                 cstackCOMRAM 00052A
scalbnf@y                                 cstackCOMRAM 000538
send_to_disp@disp_word                    cstackBANK5  000590
send_to_disp@i                            cstackBANK5  00059D
send_to_disp@internal_sweep               cstackBANK5  000598
send_to_disp@num_disp                     cstackBANK5  00059C
send_to_disp@sweep                        cstackBANK5  00059A
sqrtf@__xc8_float_word                    cstackBANK5  000568
sqrtf@i                                   cstackBANK5  000564
sqrtf@ix                                  cstackBANK5  000580
sqrtf@m                                   cstackBANK5  000578
sqrtf@q                                   cstackBANK5  00056C
sqrtf@r                                   cstackBANK5  00057C
sqrtf@s                                   cstackBANK5  000560
sqrtf@t                                   cstackBANK5  000570
sqrtf@x                                   cstackCOMRAM 00053E
sqrtf@z                                   cstackBANK5  000574
stackhi                                   (abs)        000000
stacklo                                   (abs)        000000
start                                     init         01FFFC
start_initialization                      cinit        006A42


MODULE INFORMATION

Module		Function		Class		Link	Load	Size
C:\Program Files\Microchip\xc8\v2.36\pic\sources\c99\common\nanf.c
		_nanf          		CODE           	6A04	0000	34

C:\Program Files\Microchip\xc8\v2.36\pic\sources\c99\common\nanf.c estimated size: 34

C:\Program Files\Microchip\xc8\v2.36\pic\sources\c99\common\sprcmul.c
		___flmul       		CODE           	5848	0000	1102

C:\Program Files\Microchip\xc8\v2.36\pic\sources\c99\common\sprcmul.c estimated size: 1102

C:\Program Files\Microchip\xc8\v2.36\pic\sources\c99\common\sprcdiv.c
		___fldiv       		CODE           	5C96	0000	922

C:\Program Files\Microchip\xc8\v2.36\pic\sources\c99\common\sprcdiv.c estimated size: 922

C:\Program Files\Microchip\xc8\v2.36\pic\sources\c99\common\scalbnf.c
		_scalbnf       		CODE           	6030	0000	564

C:\Program Files\Microchip\xc8\v2.36\pic\sources\c99\common\scalbnf.c estimated size: 564

C:\Program Files\Microchip\xc8\v2.36\pic\sources\c99\common\xxtofl.c
		___xxtofl      		CODE           	6264	0000	436

C:\Program Files\Microchip\xc8\v2.36\pic\sources\c99\common\xxtofl.c estimated size: 436

mcc_generated_files/system/src/interrupt.c
		_INT0_SetInterruptHandler		CODE           	6A80	0000	14
		_INT1_SetInterruptHandler		CODE           	6A72	0000	14
		_INT2_SetInterruptHandler		CODE           	6A64	0000	14
		_INTERRUPT_Initialize		CODE           	6936	0000	64

mcc_generated_files/system/src/interrupt.c estimated size: 106

C:\Program Files\Microchip\xc8\v2.36\pic\sources\c99\common\powf.c
		_powf          		CODE           	2580	0000	10568

C:\Program Files\Microchip\xc8\v2.36\pic\sources\c99\common\powf.c estimated size: 10568

C:\Program Files\Microchip\xc8\v2.36\pic\sources\c99\common\sprcadd.c
		___flsub       		CODE           	68F0	0000	70
		___fladd       		CODE           	5388	0000	1216

C:\Program Files\Microchip\xc8\v2.36\pic\sources\c99\common\sprcadd.c estimated size: 1286

C:\Program Files\Microchip\xc8\v2.36\pic\sources\c99\common\sqrtf.c
		_sqrtf         		CODE           	4EC8	0000	1216

C:\Program Files\Microchip\xc8\v2.36\pic\sources\c99\common\sqrtf.c estimated size: 1216

mcc_generated_files/system/src/pins.c
		_PIN_MANAGER_Initialize		CODE           	6824	0000	204

mcc_generated_files/system/src/pins.c estimated size: 204

C:\Program Files\Microchip\xc8\v2.36\pic\sources\c99\common\fltol.c
		___fltol       		CODE           	6534	0000	264

C:\Program Files\Microchip\xc8\v2.36\pic\sources\c99\common\fltol.c estimated size: 264

shared
		_L5            		SMALLCONST     	0000	0000	0
		_P3            		SMALLCONST     	0000	0000	0
		_L6            		SMALLCONST     	0000	0000	0
		_P4            		SMALLCONST     	0000	0000	0
		_P5            		SMALLCONST     	0000	0000	0
		_tiny@sqrtf$F902		SMALLCONST     	0000	0000	0
		_lg2_l         		SMALLCONST     	0000	0000	0
		_ivln2_l       		SMALLCONST     	0000	0000	0
		_ivln2         		SMALLCONST     	0000	0000	0
		__initialization		CODE           	6A42	0000	14
		_bp            		SMALLCONST     	2569	0000	8
		_cp            		SMALLCONST     	0000	0000	0
		_cp_h          		SMALLCONST     	0000	0000	0
		_dp_h          		SMALLCONST     	2509	0000	8
		_lg2           		SMALLCONST     	0000	0000	0
		_lg2_h         		SMALLCONST     	0000	0000	0
		_ivln2_h       		SMALLCONST     	0000	0000	0
		_tiny          		SMALLCONST     	0000	0000	0
		_ovt           		SMALLCONST     	0000	0000	0
		_huge          		SMALLCONST     	0000	0000	0
		_two24         		SMALLCONST     	0000	0000	0
		_cp_l          		SMALLCONST     	0000	0000	0
		_dp_l          		SMALLCONST     	2501	0000	8
		_L1            		SMALLCONST     	0000	0000	0
		_L2            		SMALLCONST     	0000	0000	0
		_L3            		SMALLCONST     	0000	0000	0
		_P1            		SMALLCONST     	0000	0000	0
		_L4            		SMALLCONST     	0000	0000	0
		_P2            		SMALLCONST     	0000	0000	0

shared estimated size: 38

C:\Program Files\Microchip\xc8\v2.36\pic\sources\c99\common\flge.c
		___flge        		CODE           	663C	0000	260

C:\Program Files\Microchip\xc8\v2.36\pic\sources\c99\common\flge.c estimated size: 260

mcc_generated_files/system/src/clock.c
		_CLOCK_Initialize		CODE           	6A26	0000	28

mcc_generated_files/system/src/clock.c estimated size: 28

main.c
		_main          		CODE           	69E2	0000	34
		_send_to_disp  		CODE           	6740	0000	228
		_char_to_seg   		CODE           	6418	0000	284

main.c estimated size: 546

C:\Program Files\Microchip\xc8\v2.36\pic\sources\c99\common\flneg.c
		___flneg       		CODE           	6976	0000	56

C:\Program Files\Microchip\xc8\v2.36\pic\sources\c99\common\flneg.c estimated size: 56

C:\Program Files\Microchip\xc8\v2.36\pic\sources\c99\common\fabsf.c
		_fabsf         		CODE           	69AE	0000	52

C:\Program Files\Microchip\xc8\v2.36\pic\sources\c99\common\fabsf.c estimated size: 52

mcc_generated_files/system/src/system.c
		_SYSTEM_Initialize		CODE           	6A56	0000	14

mcc_generated_files/system/src/system.c estimated size: 14

